// Vitest Snapshot v1, https://vitest.dev/guide/snapshot.html

exports[`PartsCheckboxBtn > snapshot 1`] = `"<label data-v-63b2aec9=\\"\\" class=\\"radio-btn\\"><input data-v-63b2aec9=\\"\\" type=\\"radio\\" name=\\"name-radio\\"> テスト2</label>"`;
