// Vitest Snapshot v1, https://vitest.dev/guide/snapshot.html

exports[`LineChart.vue > snapshot 1`] = `"<anonymous-stub data-v-11f98ee5=\\"\\" data=\\"[object Object]\\" options=\\"[object Object]\\" plugins=\\"\\" datasetidkey=\\"label\\" class=\\"contents\\"></anonymous-stub>"`;
