// Vitest Snapshot v1, https://vitest.dev/guide/snapshot.html

exports[`PrefecturesArea > renders correctly 1`] = `null`;

exports[`PrefecturesArea > snapshot 1`] = `null`;
